fixture caps_at_eof
utf16 80
lines 8
spans 12
digest 7ca21a3c4cc92d5b
--- records (count element depth) ---
1 sceneHeading 0
1 blank 0
1 action 0
1 blank 0
1 character 0
1 dialogue 0
1 blank 0
1 action 0
--- span kinds (kind/role/style count) ---
action/content/0 2
character/content/0 1
dialogue/content/0 1
sceneHeading/content/0 1
text/content/0 7
