fixture episode_10
utf16 9308
lines 562
spans 1630
digest d2b4499ce6e67a67
--- records (count element depth) ---
5 titlePageKey 0
1 blank 0
1 character 0
1 dialogue 0
1 blank 0
1 character 0
1 dialogue 0
1 blank 0
1 character 0
1 dialogue 0
1 blank 0
1 character 0
1 dialogue 0
1 blank 0
1 note 0
1 blank 0
1 character 0
1 dialogue 0
1 blank 0
1 character 0
1 dialogue 0
1 blank 0
1 character 0
1 dialogue 0
1 blank 0
1 note 0
1 blank 0
1 character 0
1 dialogue 0
1 blank 0
1 character 0
1 dialogue 0
1 blank 0
1 character 0
1 dialogue 0
1 blank 0
1 note 0
1 blank 0
1 character 0
1 dialogue 0
1 blank 0
1 character 0
1 dialogue 0
1 blank 0
1 character 0
1 dialogue 0
1 blank 0
1 note 0
1 blank 0
1 character 0
1 dialogue 0
1 blank 0
1 character 0
1 dialogue 0
1 blank 0
1 character 0
1 dialogue 0
1 blank 0
1 note 0
1 blank 0
1 character 0
1 dialogue 0
1 blank 0
1 character 0
1 dialogue 0
1 blank 0
1 character 0
1 dialogue 0
1 blank 0
1 note 0
1 blank 0
1 character 0
1 dialogue 0
1 blank 0
1 character 0
1 dialogue 0
1 blank 0
1 character 0
1 dialogue 0
1 blank 0
1 note 0
1 blank 0
1 character 0
1 dialogue 0
1 blank 0
1 character 0
1 dialogue 0
1 blank 0
1 character 0
1 dialogue 0
1 blank 0
1 note 0
1 blank 0
1 character 0
1 dialogue 0
1 blank 0
1 character 0
1 dialogue 0
1 blank 0
1 character 0
1 dialogue 0
1 blank 0
1 note 0
1 blank 0
1 character 0
1 dialogue 0
1 blank 0
1 character 0
1 dialogue 0
1 blank 0
1 character 0
1 dialogue 0
1 blank 0
1 note 0
1 blank 0
1 character 0
1 dialogue 0
1 blank 0
1 character 0
1 dialogue 0
1 blank 0
1 character 0
1 dialogue 0
1 blank 0
1 note 0
1 blank 0
1 character 0
1 dialogue 0
1 blank 0
1 character 0
1 dialogue 0
1 blank 0
1 character 0
1 dialogue 0
1 blank 0
1 note 0
1 blank 0
1 character 0
1 dialogue 0
1 blank 0
1 character 0
1 dialogue 0
1 blank 0
1 character 0
1 dialogue 0
1 blank 0
1 note 0
1 blank 0
1 character 0
1 dialogue 0
1 blank 0
1 character 0
1 dialogue 0
1 blank 0
1 character 0
1 dialogue 0
1 blank 0
1 note 0
1 blank 0
1 character 0
1 dialogue 0
1 blank 0
1 character 0
1 dialogue 0
1 blank 0
1 character 0
1 dialogue 0
1 blank 0
1 note 0
1 blank 0
1 character 0
1 dialogue 0
1 blank 0
1 character 0
1 dialogue 0
1 blank 0
1 character 0
1 dialogue 0
1 blank 0
1 note 0
1 blank 0
1 character 0
1 dialogue 0
1 blank 0
1 character 0
1 dialogue 0
1 blank 0
1 character 0
1 dialogue 0
1 blank 0
1 note 0
1 blank 0
1 character 0
1 dialogue 0
1 blank 0
1 character 0
1 dialogue 0
1 blank 0
1 character 0
1 dialogue 0
1 blank 0
1 note 0
1 blank 0
1 character 0
1 dialogue 0
1 blank 0
1 character 0
1 dialogue 0
1 blank 0
1 character 0
1 dialogue 0
1 blank 0
1 note 0
1 blank 0
1 character 0
1 dialogue 0
1 blank 0
1 character 0
1 dialogue 0
1 blank 0
1 character 0
1 dialogue 0
1 blank 0
1 note 0
1 blank 0
1 character 0
1 dialogue 0
1 blank 0
1 character 0
1 dialogue 0
1 blank 0
1 character 0
1 dialogue 0
1 blank 0
1 note 0
1 blank 0
1 character 0
1 dialogue 0
1 blank 0
1 character 0
1 dialogue 0
1 blank 0
1 character 0
1 dialogue 0
1 blank 0
1 note 0
1 blank 0
1 character 0
1 dialogue 0
1 blank 0
1 character 0
1 dialogue 0
1 blank 0
1 character 0
1 dialogue 0
1 blank 0
1 note 0
1 blank 0
1 character 0
1 dialogue 0
1 blank 0
1 character 0
1 dialogue 0
1 blank 0
1 character 0
1 dialogue 0
1 blank 0
1 note 0
1 blank 0
1 character 0
1 dialogue 0
1 blank 0
1 character 0
1 dialogue 0
1 blank 0
1 character 0
1 dialogue 0
1 blank 0
1 note 0
1 blank 0
1 character 0
1 dialogue 0
1 blank 0
1 character 0
1 dialogue 0
1 blank 0
1 character 0
1 dialogue 0
1 blank 0
1 note 0
1 blank 0
1 character 0
1 dialogue 0
1 blank 0
1 character 0
1 dialogue 0
1 blank 0
1 character 0
1 dialogue 0
1 blank 0
1 note 0
1 blank 0
1 character 0
1 dialogue 0
1 blank 0
1 character 0
1 dialogue 0
1 blank 0
1 character 0
1 dialogue 0
1 blank 0
1 note 0
1 blank 0
1 character 0
1 dialogue 0
1 blank 0
1 character 0
1 dialogue 0
1 blank 0
1 character 0
1 dialogue 0
1 blank 0
1 note 0
1 blank 0
1 character 0
1 dialogue 0
1 blank 0
1 character 0
1 dialogue 0
1 blank 0
1 character 0
1 dialogue 0
1 blank 0
1 note 0
1 blank 0
1 character 0
1 dialogue 0
1 blank 0
1 character 0
1 dialogue 0
1 blank 0
1 character 0
1 dialogue 0
1 blank 0
1 note 0
1 blank 0
1 character 0
1 dialogue 0
1 blank 0
1 character 0
1 dialogue 0
1 blank 0
1 character 0
1 dialogue 0
1 blank 0
1 note 0
1 blank 0
1 character 0
1 dialogue 0
1 blank 0
1 character 0
1 dialogue 0
1 blank 0
1 character 0
1 dialogue 0
1 blank 0
1 note 0
1 blank 0
1 character 0
1 dialogue 0
1 blank 0
1 character 0
1 dialogue 0
1 blank 0
1 character 0
1 dialogue 0
1 blank 0
1 note 0
1 blank 0
1 character 0
1 dialogue 0
1 blank 0
1 character 0
1 dialogue 0
1 blank 0
1 character 0
1 dialogue 0
1 blank 0
1 note 0
1 blank 0
1 character 0
1 dialogue 0
1 blank 0
1 character 0
1 dialogue 0
1 blank 0
1 character 0
1 dialogue 0
1 blank 0
1 note 0
1 blank 0
1 character 0
1 dialogue 0
1 blank 0
1 character 0
1 dialogue 0
1 blank 0
1 character 0
1 dialogue 0
1 blank 0
1 note 0
1 blank 0
1 character 0
1 dialogue 0
1 blank 0
1 character 0
1 dialogue 0
1 blank 0
1 character 0
1 dialogue 0
1 blank 0
1 note 0
1 blank 0
1 character 0
1 dialogue 0
1 blank 0
1 character 0
1 dialogue 0
1 blank 0
1 character 0
1 dialogue 0
1 blank 0
1 note 0
1 blank 0
1 character 0
1 dialogue 0
1 blank 0
1 character 0
1 dialogue 0
1 blank 0
1 character 0
1 dialogue 0
1 blank 0
1 note 0
1 blank 0
1 character 0
1 dialogue 0
1 blank 0
1 character 0
1 dialogue 0
1 blank 0
1 character 0
1 dialogue 0
1 blank 0
1 note 0
1 blank 0
1 character 0
1 dialogue 0
1 blank 0
1 character 0
1 dialogue 0
1 blank 0
1 character 0
1 dialogue 0
1 blank 0
1 note 0
1 blank 0
1 character 0
1 dialogue 0
1 blank 0
1 character 0
1 dialogue 0
1 blank 0
1 character 0
1 dialogue 0
1 blank 0
1 note 0
1 blank 0
1 character 0
1 dialogue 0
1 blank 0
1 character 0
1 dialogue 0
1 blank 0
1 character 0
1 dialogue 0
1 blank 0
1 note 0
1 blank 0
1 character 0
1 dialogue 0
1 blank 0
1 character 0
1 dialogue 0
1 blank 0
1 character 0
1 dialogue 0
1 blank 0
1 note 0
1 blank 0
1 character 0
1 dialogue 0
1 blank 0
1 character 0
1 dialogue 0
1 blank 0
1 character 0
1 dialogue 0
1 blank 0
1 note 0
1 blank 0
1 character 0
1 dialogue 0
1 blank 0
1 character 0
1 dialogue 0
1 blank 0
1 character 0
1 dialogue 0
1 blank 0
1 note 0
1 blank 0
1 character 0
1 dialogue 0
1 blank 0
1 character 0
1 dialogue 0
1 blank 0
1 character 0
1 dialogue 0
1 blank 0
1 note 0
1 blank 0
1 character 0
1 dialogue 0
1 blank 0
1 character 0
1 dialogue 0
1 blank 0
1 character 0
1 dialogue 0
1 blank 0
1 note 0
1 blank 0
1 character 0
1 dialogue 0
1 blank 0
1 character 0
1 dialogue 0
1 blank 0
1 character 0
1 dialogue 0
1 blank 0
1 note 0
1 blank 0
1 character 0
1 dialogue 0
1 blank 0
--- span kinds (kind/role/style count) ---
character/content/0 152
dialogue/content/0 152
glosaAttributeName/content/0 100
glosaAttributeValue/content/0 100
glosaPunctuation/marker/0 400
glosaTag/content/0 50
note/marker/0 100
text/content/0 561
titlePageKey/content/0 5
titlePageKey/marker/0 5
titlePageValue/content/0 5
