fixture spanish
utf16 6905
lines 562
spans 1380
digest 35f724ed44a2894f
--- records (count element depth) ---
5 titlePageKey 0
1 blank 0
1 character 0
1 dialogue 0
1 blank 0
1 character 0
1 dialogue 0
1 blank 0
1 character 0
1 dialogue 0
1 blank 0
1 character 0
1 dialogue 0
1 blank 0
1 note 0
1 blank 0
1 character 0
1 dialogue 0
1 blank 0
1 character 0
1 dialogue 0
1 blank 0
1 character 0
1 dialogue 0
1 blank 0
1 note 0
1 blank 0
1 character 0
1 dialogue 0
1 blank 0
1 character 0
1 dialogue 0
1 blank 0
1 character 0
1 dialogue 0
1 blank 0
1 note 0
1 blank 0
1 character 0
1 dialogue 0
1 blank 0
1 character 0
1 dialogue 0
1 blank 0
1 character 0
1 dialogue 0
1 blank 0
1 note 0
1 blank 0
1 character 0
1 dialogue 0
1 blank 0
1 character 0
1 dialogue 0
1 blank 0
1 character 0
1 dialogue 0
1 blank 0
1 note 0
1 blank 0
1 character 0
1 dialogue 0
1 blank 0
1 character 0
1 dialogue 0
1 blank 0
1 character 0
1 dialogue 0
1 blank 0
1 note 0
1 blank 0
1 character 0
1 dialogue 0
1 blank 0
1 character 0
1 dialogue 0
1 blank 0
1 character 0
1 dialogue 0
1 blank 0
1 note 0
1 blank 0
1 character 0
1 dialogue 0
1 blank 0
1 character 0
1 dialogue 0
1 blank 0
1 character 0
1 dialogue 0
1 blank 0
1 note 0
1 blank 0
1 character 0
1 dialogue 0
1 blank 0
1 character 0
1 dialogue 0
1 blank 0
1 character 0
1 dialogue 0
1 blank 0
1 note 0
1 blank 0
1 character 0
1 dialogue 0
1 blank 0
1 character 0
1 dialogue 0
1 blank 0
1 character 0
1 dialogue 0
1 blank 0
1 note 0
1 blank 0
1 character 0
1 dialogue 0
1 blank 0
1 character 0
1 dialogue 0
1 blank 0
1 character 0
1 dialogue 0
1 blank 0
1 note 0
1 blank 0
1 character 0
1 dialogue 0
1 blank 0
1 character 0
1 dialogue 0
1 blank 0
1 character 0
1 dialogue 0
1 blank 0
1 note 0
1 blank 0
1 character 0
1 dialogue 0
1 blank 0
1 character 0
1 dialogue 0
1 blank 0
1 character 0
1 dialogue 0
1 blank 0
1 note 0
1 blank 0
1 character 0
1 dialogue 0
1 blank 0
1 character 0
1 dialogue 0
1 blank 0
1 character 0
1 dialogue 0
1 blank 0
1 note 0
1 blank 0
1 character 0
1 dialogue 0
1 blank 0
1 character 0
1 dialogue 0
1 blank 0
1 character 0
1 dialogue 0
1 blank 0
1 note 0
1 blank 0
1 character 0
1 dialogue 0
1 blank 0
1 character 0
1 dialogue 0
1 blank 0
1 character 0
1 dialogue 0
1 blank 0
1 note 0
1 blank 0
1 character 0
1 dialogue 0
1 blank 0
1 character 0
1 dialogue 0
1 blank 0
1 character 0
1 dialogue 0
1 blank 0
1 note 0
1 blank 0
1 character 0
1 dialogue 0
1 blank 0
1 character 0
1 dialogue 0
1 blank 0
1 character 0
1 dialogue 0
1 blank 0
1 note 0
1 blank 0
1 character 0
1 dialogue 0
1 blank 0
1 character 0
1 dialogue 0
1 blank 0
1 character 0
1 dialogue 0
1 blank 0
1 note 0
1 blank 0
1 character 0
1 dialogue 0
1 blank 0
1 character 0
1 dialogue 0
1 blank 0
1 character 0
1 dialogue 0
1 blank 0
1 note 0
1 blank 0
1 character 0
1 dialogue 0
1 blank 0
1 character 0
1 dialogue 0
1 blank 0
1 character 0
1 dialogue 0
1 blank 0
1 note 0
1 blank 0
1 character 0
1 dialogue 0
1 blank 0
1 character 0
1 dialogue 0
1 blank 0
1 character 0
1 dialogue 0
1 blank 0
1 note 0
1 blank 0
1 character 0
1 dialogue 0
1 blank 0
1 character 0
1 dialogue 0
1 blank 0
1 character 0
1 dialogue 0
1 blank 0
1 note 0
1 blank 0
1 character 0
1 dialogue 0
1 blank 0
1 character 0
1 dialogue 0
1 blank 0
1 character 0
1 dialogue 0
1 blank 0
1 note 0
1 blank 0
1 character 0
1 dialogue 0
1 blank 0
1 character 0
1 dialogue 0
1 blank 0
1 character 0
1 dialogue 0
1 blank 0
1 note 0
1 blank 0
1 character 0
1 dialogue 0
1 blank 0
1 character 0
1 dialogue 0
1 blank 0
1 character 0
1 dialogue 0
1 blank 0
1 note 0
1 blank 0
1 character 0
1 dialogue 0
1 blank 0
1 character 0
1 dialogue 0
1 blank 0
1 character 0
1 dialogue 0
1 blank 0
1 note 0
1 blank 0
1 character 0
1 dialogue 0
1 blank 0
1 character 0
1 dialogue 0
1 blank 0
1 character 0
1 dialogue 0
1 blank 0
1 note 0
1 blank 0
1 character 0
1 dialogue 0
1 blank 0
1 character 0
1 dialogue 0
1 blank 0
1 character 0
1 dialogue 0
1 blank 0
1 note 0
1 blank 0
1 character 0
1 dialogue 0
1 blank 0
1 character 0
1 dialogue 0
1 blank 0
1 character 0
1 dialogue 0
1 blank 0
1 note 0
1 blank 0
1 character 0
1 dialogue 0
1 blank 0
1 character 0
1 dialogue 0
1 blank 0
1 character 0
1 dialogue 0
1 blank 0
1 note 0
1 blank 0
1 character 0
1 dialogue 0
1 blank 0
1 character 0
1 dialogue 0
1 blank 0
1 character 0
1 dialogue 0
1 blank 0
1 note 0
1 blank 0
1 character 0
1 dialogue 0
1 blank 0
1 character 0
1 dialogue 0
1 blank 0
1 character 0
1 dialogue 0
1 blank 0
1 note 0
1 blank 0
1 character 0
1 dialogue 0
1 blank 0
1 character 0
1 dialogue 0
1 blank 0
1 character 0
1 dialogue 0
1 blank 0
1 note 0
1 blank 0
1 character 0
1 dialogue 0
1 blank 0
1 character 0
1 dialogue 0
1 blank 0
1 character 0
1 dialogue 0
1 blank 0
1 note 0
1 blank 0
1 character 0
1 dialogue 0
1 blank 0
1 character 0
1 dialogue 0
1 blank 0
1 character 0
1 dialogue 0
1 blank 0
1 note 0
1 blank 0
1 character 0
1 dialogue 0
1 blank 0
1 character 0
1 dialogue 0
1 blank 0
1 character 0
1 dialogue 0
1 blank 0
1 note 0
1 blank 0
1 character 0
1 dialogue 0
1 blank 0
1 character 0
1 dialogue 0
1 blank 0
1 character 0
1 dialogue 0
1 blank 0
1 note 0
1 blank 0
1 character 0
1 dialogue 0
1 blank 0
1 character 0
1 dialogue 0
1 blank 0
1 character 0
1 dialogue 0
1 blank 0
1 note 0
1 blank 0
1 character 0
1 dialogue 0
1 blank 0
1 character 0
1 dialogue 0
1 blank 0
1 character 0
1 dialogue 0
1 blank 0
1 note 0
1 blank 0
1 character 0
1 dialogue 0
1 blank 0
1 character 0
1 dialogue 0
1 blank 0
1 character 0
1 dialogue 0
1 blank 0
1 note 0
1 blank 0
1 character 0
1 dialogue 0
1 blank 0
1 character 0
1 dialogue 0
1 blank 0
1 character 0
1 dialogue 0
1 blank 0
1 note 0
1 blank 0
1 character 0
1 dialogue 0
1 blank 0
1 character 0
1 dialogue 0
1 blank 0
1 character 0
1 dialogue 0
1 blank 0
1 note 0
1 blank 0
1 character 0
1 dialogue 0
1 blank 0
1 character 0
1 dialogue 0
1 blank 0
1 character 0
1 dialogue 0
1 blank 0
1 note 0
1 blank 0
1 character 0
1 dialogue 0
1 blank 0
1 character 0
1 dialogue 0
1 blank 0
1 character 0
1 dialogue 0
1 blank 0
1 note 0
1 blank 0
1 character 0
1 dialogue 0
1 blank 0
1 character 0
1 dialogue 0
1 blank 0
1 character 0
1 dialogue 0
1 blank 0
1 note 0
1 blank 0
1 character 0
1 dialogue 0
1 blank 0
1 character 0
1 dialogue 0
1 blank 0
1 character 0
1 dialogue 0
1 blank 0
1 note 0
1 blank 0
1 character 0
1 dialogue 0
1 blank 0
1 character 0
1 dialogue 0
1 blank 0
1 character 0
1 dialogue 0
1 blank 0
1 note 0
1 blank 0
1 character 0
1 dialogue 0
1 blank 0
1 character 0
1 dialogue 0
1 blank 0
1 character 0
1 dialogue 0
1 blank 0
1 note 0
1 blank 0
1 character 0
1 dialogue 0
1 blank 0
1 character 0
1 dialogue 0
1 blank 0
1 character 0
1 dialogue 0
1 blank 0
1 note 0
1 blank 0
1 character 0
1 dialogue 0
1 blank 0
--- span kinds (kind/role/style count) ---
character/content/0 152
dialogue/content/0 152
glosaAttributeName/content/0 50
glosaAttributeValue/content/0 50
glosaPunctuation/marker/0 250
glosaTag/content/0 50
note/marker/0 100
text/content/0 561
titlePageKey/content/0 5
titlePageKey/marker/0 5
titlePageValue/content/0 5
